Using cpu device
BC 1000 loss 0.0001821573096094653
BC 2000 loss 0.00020317864255048335
BC 3000 loss 4.972592432750389e-05
BC 4000 loss 2.7758756914408877e-05
BC 5000 loss 1.9371444068383425e-05
BC 6000 loss 2.2084648662712425e-05
BC 7000 loss 1.5955582057358697e-05
BC 8000 loss 1.304493889620062e-05
-----------------------------
| time/              |      |
|    fps             | 190  |
|    iterations      | 1    |
|    time_elapsed    | 10   |
|    total_timesteps | 2048 |
-----------------------------
-----------------------------------------
| rollout/                |             |
|    ep_len_mean          | 606         |
|    ep_rew_mean          | 480         |
| time/                   |             |
|    fps                  | 190         |
|    iterations           | 2           |
|    time_elapsed         | 21          |
|    total_timesteps      | 4096        |
| train/                  |             |
|    approx_kl            | 0.020529848 |
|    clip_fraction        | 0.317       |
|    clip_range           | 0.2         |
|    entropy_loss         | 17.8        |
|    explained_variance   | 0.00472     |
|    learning_rate        | 0.0001      |
|    loss                 | 100         |
|    n_updates            | 5           |
|    policy_gradient_loss | -0.00477    |
|    std                  | 0.0408      |
|    value_loss           | 206         |
-----------------------------------------
-----------------------------------------
| rollout/                |             |
|    ep_len_mean          | 1.28e+03    |
|    ep_rew_mean          | 1.03e+03    |
| time/                   |             |
|    fps                  | 190         |
|    iterations           | 3           |
|    time_elapsed         | 32          |
|    total_timesteps      | 6144        |
| train/                  |             |
|    approx_kl            | 0.025273517 |
|    clip_fraction        | 0.295       |
|    clip_range           | 0.2         |
|    entropy_loss         | 17.8        |
|    explained_variance   | 0.00423     |
|    learning_rate        | 0.0001      |
|    loss                 | 92.4        |
|    n_updates            | 10          |
|    policy_gradient_loss | -0.0142     |
|    std                  | 0.0408      |
|    value_loss           | 197         |
-----------------------------------------
-----------------------------------------
| rollout/                |             |
|    ep_len_mean          | 1.28e+03    |
|    ep_rew_mean          | 1.03e+03    |
| time/                   |             |
|    fps                  | 190         |
|    iterations           | 4           |
|    time_elapsed         | 43          |
|    total_timesteps      | 8192        |
| train/                  |             |
|    approx_kl            | 0.030123144 |
|    clip_fraction        | 0.304       |
|    clip_range           | 0.2         |
|    entropy_loss         | 17.8        |
|    explained_variance   | -0.000822   |
|    learning_rate        | 0.0001      |
|    loss                 | 81.4        |
|    n_updates            | 15          |
|    policy_gradient_loss | -0.000799   |
|    std                  | 0.0408      |
|    value_loss           | 173         |
-----------------------------------------
-----------------------------------------
| rollout/                |             |
|    ep_len_mean          | 1.32e+03    |
|    ep_rew_mean          | 1.06e+03    |
| time/                   |             |
|    fps                  | 190         |
|    iterations           | 5           |
|    time_elapsed         | 53          |
|    total_timesteps      | 10240       |
| train/                  |             |
|    approx_kl            | 0.020578306 |
|    clip_fraction        | 0.267       |
|    clip_range           | 0.2         |
|    entropy_loss         | 17.8        |
|    explained_variance   | -0.00385    |
|    learning_rate        | 0.0001      |
|    loss                 | 90.1        |
|    n_updates            | 20          |
|    policy_gradient_loss | -0.0116     |
|    std                  | 0.0408      |
|    value_loss           | 188         |
-----------------------------------------
-----------------------------------------
| rollout/                |             |
|    ep_len_mean          | 1.39e+03    |
|    ep_rew_mean          | 1.1e+03     |
| time/                   |             |
|    fps                  | 190         |
|    iterations           | 6           |
|    time_elapsed         | 64          |
|    total_timesteps      | 12288       |
| train/                  |             |
|    approx_kl            | 0.025549922 |
|    clip_fraction        | 0.283       |
|    clip_range           | 0.2         |
|    entropy_loss         | 17.8        |
|    explained_variance   | -0.00417    |
|    learning_rate        | 0.0001      |
|    loss                 | 87.4        |
|    n_updates            | 25          |
|    policy_gradient_loss | -0.00937    |
|    std                  | 0.0408      |
|    value_loss           | 183         |
-----------------------------------------
----------------------------------------
| rollout/                |            |
|    ep_len_mean          | 1.39e+03   |
|    ep_rew_mean          | 1.1e+03    |
| time/                   |            |
|    fps                  | 189        |
|    iterations           | 7          |
|    time_elapsed         | 75         |
|    total_timesteps      | 14336      |
| train/                  |            |
|    approx_kl            | 0.01990294 |
|    clip_fraction        | 0.231      |
|    clip_range           | 0.2        |
|    entropy_loss         | 17.8       |
|    explained_variance   | -0.00398   |
|    learning_rate        | 0.0001     |
|    loss                 | 72.1       |
|    n_updates            | 30         |
|    policy_gradient_loss | -0.00804   |
|    std                  | 0.0408     |
|    value_loss           | 153        |
----------------------------------------
-----------------------------------------
| rollout/                |             |
|    ep_len_mean          | 1.4e+03     |
|    ep_rew_mean          | 1.12e+03    |
| time/                   |             |
|    fps                  | 189         |
|    iterations           | 8           |
|    time_elapsed         | 86          |
|    total_timesteps      | 16384       |
| train/                  |             |
|    approx_kl            | 0.022501621 |
|    clip_fraction        | 0.267       |
|    clip_range           | 0.2         |
|    entropy_loss         | 17.8        |
|    explained_variance   | 0.00424     |
|    learning_rate        | 0.0001      |
|    loss                 | 95.4        |
|    n_updates            | 35          |
|    policy_gradient_loss | -0.00911    |
|    std                  | 0.0408      |
|    value_loss           | 200         |
-----------------------------------------
-----------------------------------------
| rollout/                |             |
|    ep_len_mean          | 1.43e+03    |
|    ep_rew_mean          | 1.1e+03     |
| time/                   |             |
|    fps                  | 189         |
|    iterations           | 9           |
|    time_elapsed         | 97          |
|    total_timesteps      | 18432       |
| train/                  |             |
|    approx_kl            | 0.017893925 |
|    clip_fraction        | 0.234       |
|    clip_range           | 0.2         |
|    entropy_loss         | 17.8        |
|    explained_variance   | -0.00471    |
|    learning_rate        | 0.0001      |
|    loss                 | 80.7        |
|    n_updates            | 40          |
|    policy_gradient_loss | -0.00848    |
|    std                  | 0.0408      |
|    value_loss           | 169         |
-----------------------------------------
-----------------------------------------
| rollout/                |             |
|    ep_len_mean          | 1.43e+03    |
|    ep_rew_mean          | 1.1e+03     |
| time/                   |             |
|    fps                  | 189         |
|    iterations           | 10          |
|    time_elapsed         | 108         |
|    total_timesteps      | 20480       |
| train/                  |             |
|    approx_kl            | 0.021147486 |
|    clip_fraction        | 0.245       |
|    clip_range           | 0.2         |
|    entropy_loss         | 17.8        |
|    explained_variance   | -0.00407    |
|    learning_rate        | 0.0001      |
|    loss                 | 68.3        |
|    n_updates            | 45          |
|    policy_gradient_loss | -0.00636    |
|    std                  | 0.0407      |
|    value_loss           | 139         |
-----------------------------------------
-----------------------------------------
| rollout/                |             |
|    ep_len_mean          | 1.43e+03    |
|    ep_rew_mean          | 1.1e+03     |
| time/                   |             |
|    fps                  | 189         |
|    iterations           | 11          |
|    time_elapsed         | 118         |
|    total_timesteps      | 22528       |
| train/                  |             |
|    approx_kl            | 0.020816972 |
|    clip_fraction        | 0.234       |
|    clip_range           | 0.2         |
|    entropy_loss         | 17.8        |
|    explained_variance   | -0.00226    |
|    learning_rate        | 0.0001      |
|    loss                 | 77.7        |
|    n_updates            | 50          |
|    policy_gradient_loss | -0.00704    |
|    std                  | 0.0407      |
|    value_loss           | 166         |
-----------------------------------------
-----------------------------------------
| rollout/                |             |
|    ep_len_mean          | 1.44e+03    |
|    ep_rew_mean          | 1.11e+03    |
| time/                   |             |
|    fps                  | 189         |
|    iterations           | 12          |
|    time_elapsed         | 129         |
|    total_timesteps      | 24576       |
| train/                  |             |
|    approx_kl            | 0.019101322 |
|    clip_fraction        | 0.223       |
|    clip_range           | 0.2         |
|    entropy_loss         | 17.8        |
|    explained_variance   | -0.00226    |
|    learning_rate        | 0.0001      |
|    loss                 | 86.5        |
|    n_updates            | 55          |
|    policy_gradient_loss | -0.00959    |
|    std                  | 0.0407      |
|    value_loss           | 174         |
-----------------------------------------
-----------------------------------------
| rollout/                |             |
|    ep_len_mean          | 1.45e+03    |
|    ep_rew_mean          | 1.11e+03    |
| time/                   |             |
|    fps                  | 189         |
|    iterations           | 13          |
|    time_elapsed         | 140         |
|    total_timesteps      | 26624       |
| train/                  |             |
|    approx_kl            | 0.018567842 |
|    clip_fraction        | 0.225       |
|    clip_range           | 0.2         |
|    entropy_loss         | 17.8        |
|    explained_variance   | -0.00557    |
|    learning_rate        | 0.0001      |
|    loss                 | 65.2        |
|    n_updates            | 60          |
|    policy_gradient_loss | -0.0107     |
|    std                  | 0.0407      |
|    value_loss           | 138         |
-----------------------------------------
-----------------------------------------
| rollout/                |             |
|    ep_len_mean          | 1.45e+03    |
|    ep_rew_mean          | 1.11e+03    |
| time/                   |             |
|    fps                  | 189         |
|    iterations           | 14          |
|    time_elapsed         | 151         |
|    total_timesteps      | 28672       |
| train/                  |             |
|    approx_kl            | 0.014918415 |
|    clip_fraction        | 0.229       |
|    clip_range           | 0.2         |
|    entropy_loss         | 17.8        |
|    explained_variance   | 0.00244     |
|    learning_rate        | 0.0001      |
|    loss                 | 81.9        |
|    n_updates            | 65          |
|    policy_gradient_loss | -0.00425    |
|    std                  | 0.0407      |
|    value_loss           | 172         |
-----------------------------------------
-----------------------------------------
| rollout/                |             |
|    ep_len_mean          | 1.46e+03    |
|    ep_rew_mean          | 1.1e+03     |
| time/                   |             |
|    fps                  | 189         |
|    iterations           | 15          |
|    time_elapsed         | 162         |
|    total_timesteps      | 30720       |
| train/                  |             |
|    approx_kl            | 0.022524174 |
|    clip_fraction        | 0.252       |
|    clip_range           | 0.2         |
|    entropy_loss         | 17.8        |
|    explained_variance   | -0.00299    |
|    learning_rate        | 0.0001      |
|    loss                 | 78.5        |
|    n_updates            | 70          |
|    policy_gradient_loss | -0.00752    |
|    std                  | 0.0407      |
|    value_loss           | 162         |
-----------------------------------------
----------------------------------------
| rollout/                |            |
|    ep_len_mean          | 1.46e+03   |
|    ep_rew_mean          | 1.11e+03   |
| time/                   |            |
|    fps                  | 189        |
|    iterations           | 16         |
|    time_elapsed         | 173        |
|    total_timesteps      | 32768      |
| train/                  |            |
|    approx_kl            | 0.02088503 |
|    clip_fraction        | 0.246      |
|    clip_range           | 0.2        |
|    entropy_loss         | 17.8       |
|    explained_variance   | -0.00178   |
|    learning_rate        | 0.0001     |
|    loss                 | 73.6       |
|    n_updates            | 75         |
|    policy_gradient_loss | -0.00675   |
|    std                  | 0.0407     |
|    value_loss           | 141        |
----------------------------------------
